
> frontend@0.0.0 build
> vite build

[36mvite v8.0.0 [32mbuilding client environment for production...[36m[39m
[2K
transforming...Γ£ô 1745 modules transformed.
rendering chunks...
computing gzip size...
dist/index.html                   0.45 kB Γöé gzip:  0.29 kB
dist/assets/index-BSMaz_47.css   36.72 kB Γöé gzip:  7.11 kB
dist/assets/index-CUjmal87.js   280.46 kB Γöé gzip: 85.97 kB

[32mΓ£ô built in 3.58s[39m
